4.754887502163468E8,seqX: {123} (0),0,seqY: {text} (1),1,6,1.5,2.0,4,3
