"1","-710310973","1","can also be reached at","""\input.txt-47:69#2""","{can;be reached;at}"
"1","1014569493","1","may be reached at her office","""\input.txt-71:99#3""","{be reached;at}"
"2","-374551526","1","can be reached at","""\input.txt-0:17#0""","{can;reached;be reached;at}"
"2","-374551526","1","can be reached at her cell","""\input.txt-19:45#1""","{can;reached;be reached;at}"
