"-710310973","1"
"1014569493","1"
"-374551526","2"
