"""\input.txt""","context","""\input.txt-0:36#0""","0","123 some text 
 more text 123","... 123 some text 

  
 more text 123 some other text
123
	 ..."
"""\input.txt""","context","""\input.txt-54:78#1""","1","123
  some text 123","... ext 123 some other text
123
	
	  some text 123 ..."
