"2","67918732","1","123 /n   some text 123","""\input.txt-54:78#1""","{text}","{text}","0.0"
"2","67918732","1","123 some text  /n  more text 123","""\input.txt-0:36#0""","{text}","{text}","0.0"
