2,67918732,"123 some text  /n  more text 123","""\input.txt-0:36#0""","{text}","... 123 some text 
 /n 
 /n   
 /n  more text 123 some other text
 /n 123
 /n 	
 ..."
2,67918732,"123 /n   some text 123","""\input.txt-54:78#1""","{text}","... ext 123 some other text
 /n 123
 /n 	
 /n 	  some text 123 ..."
