"67918732","""\input.txt""","""\input.txt-0:36#0""","{text}"
"67918732","""\input.txt""","""\input.txt-54:78#1""","{text}"
