"123",0,"\input.txt-54:78#1",0,1,1
"123",0,"\input.txt-54:78#1",4,5,1
"123",0,"\input.txt-0:36#0",0,1,1
"123",0,"\input.txt-0:36#0",6,7,1
"text",1,"\input.txt-54:78#1",3,4,1
"text",1,"\input.txt-0:36#0",2,3,1
"text",1,"\input.txt-0:36#0",5,6,1
