"-374551526","""\input.txt""","""\input.txt-0:17#0""","{can;reached;be reached;at}"
"-374551526","""\input.txt""","""\input.txt-19:45#1""","{can;reached;be reached;at}"
"-710310973","""\input.txt""","""\input.txt-47:69#2""","{can;be reached;at}"
"1014569493","""\input.txt""","""\input.txt-71:99#3""","{be reached;at}"
