4,"at"
4,"be"
4,"be reached"
3,"can"
4,"reached"
4,"reached at"
