"""\input.txt""","Normalize_Newlines.context","""\input.txt-0:36#0""","0","123 some text  /n  more text 123","... 123 some text  /n  /n    /n  more text 123 some other text /n 123 /n 	 ..."
"""\input.txt""","Normalize_Newlines.context","""\input.txt-54:78#1""","1","123 /n   some text 123","... ext 123 some other text /n 123 /n 	 /n 	  some text 123 ..."
