0,"can"
1,"reached"
2,"be"
3,"at"
4,"reached at"
5,"be reached"
