"""\input.txt""","Comment","""\input.txt-0:17#0""","0","can be reached at","... can be reached at /n can be reached at her c ..."
"""\input.txt""","Comment","""\input.txt-19:45#1""","1","can be reached at her cell","... can be reached at /n can be reached at her cell /n can also be reached at ..."
"""\input.txt""","Comment","""\input.txt-47:69#2""","2","can also be reached at","...  be reached at her cell /n can also be reached at /n may be reached at her o ..."
"""\input.txt""","Comment","""\input.txt-71:99#3""","3","may be reached at her office","...  /n can also be reached at /n may be reached at her office ..."
