"276207162","""\input.txt""","""\input.txt-0:36#0""","{123;text}"
"276207162","""\input.txt""","""\input.txt-54:78#1""","{123;text}"
