"seqID","ID","mstart","mend","unsub","origString"
