"-374551526","2"
"-710310973","1"
"1014569493","1"
