0,0,0,can
1,0,2,reached
4,0,2,reached
4,1,3,at
2,0,1,be
3,0,3,at
5,0,1,be
5,1,2,reached
