"30","84696351","江","""ChineseTest.txt-58:59#29""","{江}","{江}","...  /n 江 /n 江 /n 江 /n 江 /n 江 /n 江 /n 江 /n 江 /n 江 /n 江 /n 江 /n 江 /n 江 ..."
"30","84696351","江","""ChineseTest.txt-56:57#28""","{江}","{江}","...  /n 江 /n 江 /n 江 /n 江 /n 江 /n 江 /n 江 /n 江 /n 江 /n 江 /n 江 /n 江 /n 江 /n 江 ..."
"30","84696351","江","""ChineseTest.txt-54:55#27""","{江}","{江}","...  /n 江 /n 江 /n 江 /n 江 /n 江 /n 江 /n 江 /n 江 /n 江 /n 江 /n 江 /n 江 /n 江 /n 江 /n 江 ..."
"30","84696351","江","""ChineseTest.txt-52:53#26""","{江}","{江}","...  /n 江 /n 江 /n 江 /n 江 /n 江 /n 江 /n 江 /n 江 /n 江 /n 江 /n 江 /n 江 /n 江 /n 江 /n 江 /n 江 ..."
"30","84696351","江","""ChineseTest.txt-50:51#25""","{江}","{江}","...  /n 江 /n 江 /n 江 /n 江 /n 江 /n 江 /n 江 /n 江 /n 江 /n 江 /n 江 /n 江 /n 江 /n 江 /n 江 /n 江 /n 江 ..."
"30","84696351","江","""ChineseTest.txt-48:49#24""","{江}","{江}","...  /n 江 /n 江 /n 江 /n 江 /n 江 /n 江 /n 江 /n 江 /n 江 /n 江 /n 江 /n 江 /n 江 /n 江 /n 江 /n 江 /n 江 /n 江 ..."
"30","84696351","江","""ChineseTest.txt-46:47#23""","{江}","{江}","...  /n 江 /n 江 /n 江 /n 江 /n 江 /n 江 /n 江 /n 江 /n 江 /n 江 /n 江 /n 江 /n 江 /n 江 /n 江 /n 江 /n 江 /n 江 /n 江 ..."
"30","84696351","江","""ChineseTest.txt-44:45#22""","{江}","{江}","...  /n 江 /n 江 /n 江 /n 江 /n 江 /n 江 /n 江 /n 江 /n 江 /n 江 /n 江 /n 江 /n 江 /n 江 /n 江 /n 江 /n 江 /n 江 /n 江 /n 江 ..."
"30","84696351","江","""ChineseTest.txt-42:43#21""","{江}","{江}","...  /n 江 /n 江 /n 江 /n 江 /n 江 /n 江 /n 江 /n 江 /n 江 /n 江 /n 江 /n 江 /n 江 /n 江 /n 江 /n 江 /n 江 /n 江 /n 江 /n 江 /n 江 ..."
"30","84696351","江","""ChineseTest.txt-40:41#20""","{江}","{江}","...  /n 江 /n 江 /n 江 /n 江 /n 江 /n 江 /n 江 /n 江 /n 江 /n 江 /n 江 /n 江 /n 江 /n 江 /n 江 /n 江 /n 江 /n 江 /n 江 /n 江 /n 江 /n 江 ..."
"30","84696351","江","""ChineseTest.txt-38:39#19""","{江}","{江}","...  /n 江 /n 江 /n 江 /n 江 /n 江 /n 江 /n 江 /n 江 /n 江 /n 江 /n 江 /n 江 /n 江 /n 江 /n 江 /n 江 /n 江 /n 江 /n 江 /n 江 /n 江 /n 江 /n 江 ..."
"30","84696351","江","""ChineseTest.txt-36:37#18""","{江}","{江}","...  /n 江 /n 江 /n 江 /n 江 /n 江 /n 江 /n 江 /n 江 /n 江 /n 江 /n 江 /n 江 /n 江 /n 江 /n 江 /n 江 /n 江 /n 江 /n 江 /n 江 /n 江 /n 江 /n 江 /n 江 ..."
"30","84696351","江","""ChineseTest.txt-34:35#17""","{江}","{江}","...  /n 江 /n 江 /n 江 /n 江 /n 江 /n 江 /n 江 /n 江 /n 江 /n 江 /n 江 /n 江 /n 江 /n 江 /n 江 /n 江 /n 江 /n 江 /n 江 /n 江 /n 江 /n 江 /n 江 /n 江 /n 江 ..."
"30","84696351","江","""ChineseTest.txt-32:33#16""","{江}","{江}","...  /n 江 /n 江 /n 江 /n 江 /n 江 /n 江 /n 江 /n 江 /n 江 /n 江 /n 江 /n 江 /n 江 /n 江 /n 江 /n 江 /n 江 /n 江 /n 江 /n 江 /n 江 /n 江 /n 江 /n 江 /n 江 /n  ..."
"30","84696351","江","""ChineseTest.txt-30:31#15""","{江}","{江}","...  /n 江 /n 江 /n 江 /n 江 /n 江 /n 江 /n 江 /n 江 /n 江 /n 江 /n 江 /n 江 /n 江 /n 江 /n 江 /n 江 /n 江 /n 江 /n 江 /n 江 /n 江 /n 江 /n 江 /n 江 /n 江 /n  ..."
"30","84696351","江","""ChineseTest.txt-28:29#14""","{江}","{江}","...  /n 江 /n 江 /n 江 /n 江 /n 江 /n 江 /n 江 /n 江 /n 江 /n 江 /n 江 /n 江 /n 江 /n 江 /n 江 /n 江 /n 江 /n 江 /n 江 /n 江 /n 江 /n 江 /n 江 /n 江 /n 江 /n  ..."
"30","84696351","江","""ChineseTest.txt-26:27#13""","{江}","{江}","...  /n 江 /n 江 /n 江 /n 江 /n 江 /n 江 /n 江 /n 江 /n 江 /n 江 /n 江 /n 江 /n 江 /n 江 /n 江 /n 江 /n 江 /n 江 /n 江 /n 江 /n 江 /n 江 /n 江 /n 江 /n 江 /n  ..."
"30","84696351","江","""ChineseTest.txt-24:25#12""","{江}","{江}","... 江 /n 江 /n 江 /n 江 /n 江 /n 江 /n 江 /n 江 /n 江 /n 江 /n 江 /n 江 /n 江 /n 江 /n 江 /n 江 /n 江 /n 江 /n 江 /n 江 /n 江 /n 江 /n 江 /n 江 /n 江 /n  ..."
"30","84696351","江","""ChineseTest.txt-22:23#11""","{江}","{江}","... 江 /n 江 /n 江 /n 江 /n 江 /n 江 /n 江 /n 江 /n 江 /n 江 /n 江 /n 江 /n 江 /n 江 /n 江 /n 江 /n 江 /n 江 /n 江 /n 江 /n 江 /n 江 /n 江 /n 江 /n  ..."
"30","84696351","江","""ChineseTest.txt-20:21#10""","{江}","{江}","... 江 /n 江 /n 江 /n 江 /n 江 /n 江 /n 江 /n 江 /n 江 /n 江 /n 江 /n 江 /n 江 /n 江 /n 江 /n 江 /n 江 /n 江 /n 江 /n 江 /n 江 /n 江 /n 江 /n  ..."
"30","84696351","江","""ChineseTest.txt-18:19#9""","{江}","{江}","... 江 /n 江 /n 江 /n 江 /n 江 /n 江 /n 江 /n 江 /n 江 /n 江 /n 江 /n 江 /n 江 /n 江 /n 江 /n 江 /n 江 /n 江 /n 江 /n 江 /n 江 /n 江 /n  ..."
"30","84696351","江","""ChineseTest.txt-16:17#8""","{江}","{江}","... 江 /n 江 /n 江 /n 江 /n 江 /n 江 /n 江 /n 江 /n 江 /n 江 /n 江 /n 江 /n 江 /n 江 /n 江 /n 江 /n 江 /n 江 /n 江 /n 江 /n 江 /n  ..."
"30","84696351","江","""ChineseTest.txt-14:15#7""","{江}","{江}","... 江 /n 江 /n 江 /n 江 /n 江 /n 江 /n 江 /n 江 /n 江 /n 江 /n 江 /n 江 /n 江 /n 江 /n 江 /n 江 /n 江 /n 江 /n 江 /n 江 /n  ..."
"30","84696351","江","""ChineseTest.txt-12:13#6""","{江}","{江}","... 江 /n 江 /n 江 /n 江 /n 江 /n 江 /n 江 /n 江 /n 江 /n 江 /n 江 /n 江 /n 江 /n 江 /n 江 /n 江 /n 江 /n 江 /n 江 /n  ..."
"30","84696351","江","""ChineseTest.txt-10:11#5""","{江}","{江}","... 江 /n 江 /n 江 /n 江 /n 江 /n 江 /n 江 /n 江 /n 江 /n 江 /n 江 /n 江 /n 江 /n 江 /n 江 /n 江 /n 江 /n 江 /n  ..."
"30","84696351","江","""ChineseTest.txt-8:9#4""","{江}","{江}","... 江 /n 江 /n 江 /n 江 /n 江 /n 江 /n 江 /n 江 /n 江 /n 江 /n 江 /n 江 /n 江 /n 江 /n 江 /n 江 /n 江 /n  ..."
"30","84696351","江","""ChineseTest.txt-6:7#3""","{江}","{江}","... 江 /n 江 /n 江 /n 江 /n 江 /n 江 /n 江 /n 江 /n 江 /n 江 /n 江 /n 江 /n 江 /n 江 /n 江 /n 江 /n  ..."
"30","84696351","江","""ChineseTest.txt-4:5#2""","{江}","{江}","... 江 /n 江 /n 江 /n 江 /n 江 /n 江 /n 江 /n 江 /n 江 /n 江 /n 江 /n 江 /n 江 /n 江 /n 江 /n  ..."
"30","84696351","江","""ChineseTest.txt-2:3#1""","{江}","{江}","... 江 /n 江 /n 江 /n 江 /n 江 /n 江 /n 江 /n 江 /n 江 /n 江 /n 江 /n 江 /n 江 /n 江 /n  ..."
"30","84696351","江","""ChineseTest.txt-0:1#0""","{江}","{江}","... 江 /n 江 /n 江 /n 江 /n 江 /n 江 /n 江 /n 江 /n 江 /n 江 /n 江 /n 江 /n 江 /n  ..."
